[     103ms] [INFO] %cDownload the React DevTools for a better development experience: https://react.dev/link/react-devtools font-weight:bold @ http://localhost:5173/node_modules/.vite/deps/react-dom_client.js?v=2367bb95:14336
[   70424ms] [ERROR] In HTML, %s cannot be a child of <%s>.%s
This will cause a hydration error.%s <tr> table  Add a <tbody>, <thead> or <tfoot> to your code to match the DOM tree generated by the browser. 

  <Boot>
    <App>
      <div className="stage">
        <div className={"canvas "} style={{...}}>
          <Taskbar>
          <div style={{gridRow:"auto", ...}}>
            <SciTek>
              <div className="screen scr..." style={{display:"grid", ...}}>
                <aside>
                <section>
                <BlueprintDetail bp={{id:"photon", ...}}>
                  <aside style={{...}}>
                    <div>
                    <div>
                    <div style={{padding:20}}>
                      <div>
>                     <table
>                       style={{width:"100%",fontFamily:"var(--font...",fontSize:11,marginTop:10,borderCollapse:"collapse"}}
>                     >
>                       <tr>
                        ...
                    ...
          ...
        ...
 @ http://localhost:5173/@vite/client:524
[  108213ms] [ERROR] The result of getSnapshot should be cached to avoid an infinite loop @ http://localhost:5173/@vite/client:524
[  108368ms] Error: Maximum update depth exceeded. This can happen when a component repeatedly calls setState inside componentWillUpdate or componentDidUpdate. React limits the number of nested updates to prevent infinite loops.
    at getRootForUpdatedFiber (http://localhost:5173/node_modules/.vite/deps/react-dom_client.js?v=2367bb95:2632:166)
    at enqueueConcurrentRenderForLane (http://localhost:5173/node_modules/.vite/deps/react-dom_client.js?v=2367bb95:2622:11)
    at forceStoreRerender (http://localhost:5173/node_modules/.vite/deps/react-dom_client.js?v=2367bb95:4580:15)
    at updateStoreInstance (http://localhost:5173/node_modules/.vite/deps/react-dom_client.js?v=2367bb95:4562:36)
    at Object.react_stack_bottom_frame (http://localhost:5173/node_modules/.vite/deps/react-dom_client.js?v=2367bb95:12903:13)
    at runWithFiberInDEV (http://localhost:5173/node_modules/.vite/deps/react-dom_client.js?v=2367bb95:850:66)
    at commitHookEffectListMount (http://localhost:5173/node_modules/.vite/deps/react-dom_client.js?v=2367bb95:6616:153)
    at commitHookPassiveMountEffects (http://localhost:5173/node_modules/.vite/deps/react-dom_client.js?v=2367bb95:6651:55)
    at commitPassiveMountOnFiber (http://localhost:5173/node_modules/.vite/deps/react-dom_client.js?v=2367bb95:7617:22)
    at recursivelyTraversePassiveMountEffects (http://localhost:5173/node_modules/.vite/deps/react-dom_client.js?v=2367bb95:7605:5)
[  108368ms] [WARNING] %s

%s
 An error occurred in the <Combat> component. Consider adding an error boundary to your tree to customize error handling behavior.
Visit https://react.dev/link/error-boundaries to learn more about error boundaries. @ http://localhost:5173/@vite/client:524
